[alpha.healthfindings.website/Renew827c.html]
[backblue.gif]
[fade.gif]
[index.html]
[alpha.healthfindings.website/clickstream.html]
[brain.healthfindings.website/logo37.png]
[alpha.healthfindings.website/Screen Shot 2018-11-19 at 3.29.08 PM.png]
[alpha.healthfindings.website/vazut.jpg]
[alpha.healthfindings.website/broschange.png]
[alpha.healthfindings.website/shark5.png]
[alpha.healthfindings.website/callatz.png]
[alpha.healthfindings.website/cl.jpg]
[alpha.healthfindings.website/image3.jpg]
[alpha.healthfindings.website/image4.jpg]
[alpha.healthfindings.website/magazin.png]
[alpha.healthfindings.website/tim.jpg]
[alpha.healthfindings.website/checkmark.png]
[alpha.healthfindings.website/atz.png]
[alpha.healthfindings.website/button131313.png]
[alpha.healthfindings.website/joe.jpg]
[alpha.healthfindings.website/mike1.jpg]
[alpha.healthfindings.website/offer.jpg]
[alpha.healthfindings.website/checkmark-green-sm.png]
[alpha.healthfindings.website/f1.jpg]
[alpha.healthfindings.website/f2.jpg]
[alpha.healthfindings.website/f3.jpg]
[alpha.healthfindings.website/f4.jpg]
[alpha.healthfindings.website/f6.jpg]
[alpha.healthfindings.website/f7.jpg]
[alpha.healthfindings.website/f8.jpg.png]
[alpha.healthfindings.website/f9.jpg.png]
[alpha.healthfindings.website/Renew827c.html]
[alpha.healthfindings.website/clickstream.html]
[alpha.healthfindings.website/sss.css]
[alpha.healthfindings.website/bootstrap.css]
[alpha.healthfindings.website/bootstrap-theme.css]
[alpha.healthfindings.website/font-awesome.css]
[alpha.healthfindings.website/opensans-bold.html]
[alpha.healthfindings.website/opensans-regular.html]
[alpha.healthfindings.website/tahoma.html]
[alpha.healthfindings.website/franklin-gothic-condensed.html]
[alpha.healthfindings.website/style.css]
[browserpusher.com/browserpusher.html]
[trendingnewsnet.com/xr/files/bg_close.html]
[trendingnewsnet.com/xr/files/popmin.html]
[alpha.healthfindings.website/opensans-bold.html]
[alpha.healthfindings.website/opensans-regular.html]
[alpha.healthfindings.website/tahoma.html]
[alpha.healthfindings.website/franklin-gothic-condensed.html]
